// Jest Snapshot v1, https://goo.gl/fbAQLP

exports[`Pruebas en CNoteScreen.js Debe mostrarse correctamente  1`] = `
<div
  className="notes__main-content"
>
  <div
    className="notes__appbar"
  >
    <span>
      25-11-2020
    </span>
    <input
      id="fileSelector"
      name="file"
      onChange={[Function]}
      style={
        Object {
          "display": "none",
        }
      }
      type="file"
    />
    <div>
      <button
        className="btn"
        onClick={[Function]}
      >
        picture
      </button>
      <button
        className="btn"
        onClick={[Function]}
      >
        save
      </button>
    </div>
  </div>
  <div
    className="notes__content"
  >
    <input
      autoComplete="off"
      className="notes__title-input"
      name="title"
      onChange={[Function]}
      placeholder="Some awesone title"
      type="text"
      value=""
    />
    <textarea
      className="notes__textarea"
      name="body"
      onChange={[Function]}
      placeholder="What happen today?"
      value="esto es body"
    />
  </div>
  <button
    className="btn btn-danger"
    onClick={[Function]}
  >
     Delete 
  </button>
</div>
`;
