// Jest Snapshot v1, https://goo.gl/fbAQLP

exports[`Pruebas en SiderBar.js Debe mostrarse correctamente  1`] = `
<aside
  className="journal__sidebar"
>
  <div
    className="journal__sidebar-navbar"
  >
    <h3
      className="mt-5"
    >
      <i
        className="far fa-moon"
        style={
          Object {
            "color": "white",
          }
        }
      />
      <span
        style={
          Object {
            "color": "white",
          }
        }
      >
         
        TestMan
      </span>
    </h3>
    <button
      className="btn"
      onClick={[Function]}
    >
      Logout
    </button>
  </div>
  <div
    className="journal__new-entry"
  >
    <i
      className="far fa-calendar-plus fa-5x"
      onClick={[Function]}
    />
    <p
      className="mt-5"
    >
      New Entry
    </p>
  </div>
  <div
    className="journal__entries"
  />
</aside>
`;
